[watchdocumentaries.com/subway-surfers-game/index.html]
[watchdocumentaries.com/wp-content/cache/breeze-minification/css/breeze_2bcd151829563718207f802ab5ca3141.css]
[watchdocumentaries.com/wp-content/cache/breeze-minification/css/breeze_43d7462ab41eefafca0dd464884084b1.css]
[watchdocumentaries.com/wp-content/cache/breeze-minification/css/breeze_e331f08163627a9d5dbecc3333b27b56.css]
[watchdocumentaries.com/wp-content/cache/breeze-minification/css/breeze_5fa4f20162cf09cd339b797780992297.css]
[watchdocumentaries.com/wp-content/cache/breeze-minification/css/breeze_722e9d18532da665cbde51e273f49703.css]
[watchdocumentaries.com/wp-content/cache/breeze-minification/css/breeze_89c4a358841f92c2151a0e689a2dc9b3.css]
[watchdocumentaries.com/wp-content/cache/breeze-minification/css/breeze_e689a65a108eeaca044d5fd7d640cdad.css]
[watchdocumentaries.com/wp-content/cache/breeze-minification/css/breeze_f4dd2bc3085cf3b4987fc31d6d26cd53.css]
[watchdocumentaries.com/wp-content/cache/breeze-minification/css/breeze_62ea5949d25fedaaf2c0e7f441bad9b7.css]
[watchdocumentaries.com/wp-content/cache/breeze-minification/css/breeze_c9dc6f1ef374d733a82d1682278e5b55.css]
[watchdocumentaries.com/wp-content/cache/breeze-minification/css/breeze_6d01be4f9c9df839763a856afb54638c.css]
[watchdocumentaries.com/wp-content/cache/breeze-minification/css/breeze_55cbb01aa77ad02ad560b4dc8e8d67d1.css]
[watchdocumentaries.com/wp-content/cache/breeze-minification/css/breeze_b7ec42621932c7435efa61920e9122d7.css]
[watchdocumentaries.com/wp-content/cache/breeze-minification/css/breeze_824c09d1498b100403f709e2afea233a.css]
[watchdocumentaries.com/wp-content/cache/breeze-minification/css/breeze_c3e3da6b96cf9e42596e05c1cc2d7096.css]
[watchdocumentaries.com/wp-content/cache/breeze-minification/css/breeze_fcb8fe6b33dc7263017161c07f2934f1.css]
[watchdocumentaries.com/wp-content/cache/breeze-minification/css/breeze_7dd6efe7556ca666dca0126387feed72.css]
[watchdocumentaries.com/wp-content/cache/breeze-minification/css/breeze_6af7da37740bca10632b4d6324db97b2.css]
[watchdocumentaries.com/wp-content/cache/breeze-minification/css/breeze_888507254fe253ad1564b41bd724a1ca.css]
[watchdocumentaries.com/wp-content/cache/breeze-minification/css/breeze_00ba05498c1f329fe95d18a53603bc19.css]
[watchdocumentaries.com/wp-content/cache/breeze-minification/css/breeze_40d2770408ede23bd7876736a36ddf56.css]
[backblue.gif]
[fade.gif]
[index.html]
[watchdocumentaries.com/wp-content/cache/breeze-minification/css/breeze_6400452c65e00796ba9cb60551500da9.css]
[watchdocumentaries.com/wp-includes/css/dashicons.min37ad.css]
[watchdocumentaries.com/wp-content/themes/watchdocs/img/film-background.jpg]
[watchdocumentaries.com/wp-includes/js/jquery/jquery.minaf6c.js]
[watchdocumentaries.com/wp-includes/js/jquery/jquery-migrate.mind617.js]
[watchdocumentaries.com/wp-content/plugins/quantcast-choice/public/js/script.min1c12.js]
[watchdocumentaries.com/wp-content/plugins/vidorev-extensions/assets/front-end/btwes8a54.js]
[watchdocumentaries.com/wp-content/themes/watchdocs/js/lazysizes.minbb93.js]
[watchdocumentaries.com/subway-surfers-game/feed/index.html]
[watchdocumentaries.com/wp-content/uploads/cropped-Favicon-32x32.png]
[watchdocumentaries.com/wp-content/uploads/cropped-Favicon-192x192.png]
[watchdocumentaries.com/wp-content/uploads/cropped-Favicon-180x180.png]
[watchdocumentaries.com/wp-content/uploads/Logo.png]
[watchdocumentaries.com/wp-content/themes/watchdocs/img/placeholder.png]
[watchdocumentaries.com/cdn-cgi/scripts/5c5dd728/cloudflare-static/email-decode.min.js]
[watchdocumentaries.com/wp-content/plugins/post-views-counter/js/frontend6895.js]
[watchdocumentaries.com/wp-content/plugins/table-of-contents-plus/front.min5544.js]
[watchdocumentaries.com/wp-content/plugins/vidorev-extensions/assets/front-end/priority-navigation/priority-nav.minbfd1.js]
[watchdocumentaries.com/wp-content/plugins/vidorev-extensions/assets/front-end/select2/select2.full.minbfd1.js]
[watchdocumentaries.com/wp-content/plugins/vidorev-extensions/assets/front-end/mainbfd1.js]
[watchdocumentaries.com/wp-content/plugins/wp-postratings/images/stars_crystal/rating_over.gif]
[watchdocumentaries.com/wp-content/plugins/wp-postratings/js/postratings-js40d5.js]
[watchdocumentaries.com/wp-content/plugins/wpdiscuz/assets/js/wpdiscuz-combo.min9733.js]
[watchdocumentaries.com/wp-includes/js/comment-reply.min37ad.js]
[watchdocumentaries.com/wp-content/themes/watchdocs/js/scrolldir01e0.js]
[watchdocumentaries.com/wp-content/themes/watchdocs/js/slick.min8162.js]
[watchdocumentaries.com/wp-content/themes/watchdocs/js/jquery-mousewheel0fa4.js]
[watchdocumentaries.com/wp-content/themes/watchdocs/js/jquery.mCustomScrollbar.concat.minc6bd.js]
[watchdocumentaries.com/wp-content/themes/watchdocs/js/resize-sensor8a54.js]
[watchdocumentaries.com/wp-content/themes/watchdocs/js/theia-sticky-sidebar7d4c.js]
[watchdocumentaries.com/wp-content/themes/watchdocs/js/screenfull.mind617.js]
[watchdocumentaries.com/wp-content/themes/watchdocs/js/js.cookie.min6b25.js]
[watchdocumentaries.com/wp-content/themes/watchdocs/js/main45e0.js]
[watchdocumentaries.com/wp-includes/js/jquery/ui/core.min0028.js]
[watchdocumentaries.com/wp-content/uploads/pum/pum-site-scriptsa9f4.js]
[watchdocumentaries.com/wp-content/plugins/akismet/_inc/akismet-frontend7318.js]
[watchdocumentaries.com/wp-content/plugins/wpforms-lite/assets/lib/jquery.validate.min782e.js]
[watchdocumentaries.com/wp-content/plugins/wpforms-lite/assets/lib/mailcheck.mincfa9.js]
[watchdocumentaries.com/wp-content/plugins/wpforms-lite/assets/lib/punycode.min8a54.js]
[watchdocumentaries.com/wp-content/plugins/wpforms-lite/assets/js/wpforms.min7836.js]
[www.google.com/recaptcha/api1b73.js]
[watchdocumentaries.com/subway-surfers-game/index.html]
[watchdocumentaries.com/wp-content/cache/breeze-minification/css/breeze_2bcd151829563718207f802ab5ca3141.css]
[watchdocumentaries.com/wp-content/cache/breeze-minification/css/breeze_43d7462ab41eefafca0dd464884084b1.css]
[watchdocumentaries.com/wp-content/cache/breeze-minification/css/breeze_e331f08163627a9d5dbecc3333b27b56.css]
[watchdocumentaries.com/wp-content/cache/breeze-minification/css/breeze_5fa4f20162cf09cd339b797780992297.css]
[watchdocumentaries.com/wp-content/cache/breeze-minification/css/breeze_722e9d18532da665cbde51e273f49703.css]
[watchdocumentaries.com/wp-content/cache/breeze-minification/css/breeze_89c4a358841f92c2151a0e689a2dc9b3.css]
[watchdocumentaries.com/wp-content/cache/breeze-minification/css/breeze_e689a65a108eeaca044d5fd7d640cdad.css]
[watchdocumentaries.com/wp-content/cache/breeze-minification/css/breeze_f4dd2bc3085cf3b4987fc31d6d26cd53.css]
[watchdocumentaries.com/wp-content/cache/breeze-minification/css/breeze_62ea5949d25fedaaf2c0e7f441bad9b7.css]
[watchdocumentaries.com/wp-content/cache/breeze-minification/css/breeze_c9dc6f1ef374d733a82d1682278e5b55.css]
[watchdocumentaries.com/wp-content/cache/breeze-minification/css/breeze_6d01be4f9c9df839763a856afb54638c.css]
[watchdocumentaries.com/wp-content/cache/breeze-minification/css/breeze_55cbb01aa77ad02ad560b4dc8e8d67d1.css]
[watchdocumentaries.com/wp-content/plugins/wpdiscuz/assets/img/delete.png]
[watchdocumentaries.com/wp-content/plugins/wpdiscuz/assets/third-party/colorbox/images/overlay.png]
[watchdocumentaries.com/wp-content/cache/breeze-minification/css/breeze_b7ec42621932c7435efa61920e9122d7.css]
[watchdocumentaries.com/wp-content/cache/breeze-minification/css/breeze_824c09d1498b100403f709e2afea233a.css]
[watchdocumentaries.com/wp-content/cache/breeze-minification/css/breeze_c3e3da6b96cf9e42596e05c1cc2d7096.css]
[watchdocumentaries.com/wp-content/cache/breeze-minification/css/breeze_fcb8fe6b33dc7263017161c07f2934f1.css]
[watchdocumentaries.com/wp-content/cache/breeze-minification/css/breeze_7dd6efe7556ca666dca0126387feed72.css]
[watchdocumentaries.com/wp-content/themes/watchdocs/css/malihu/mCSB_buttons.png]
[watchdocumentaries.com/wp-content/cache/breeze-minification/css/breeze_6af7da37740bca10632b4d6324db97b2.css]
[watchdocumentaries.com/wp-content/cache/breeze-minification/css/breeze_888507254fe253ad1564b41bd724a1ca.css]
[watchdocumentaries.com/wp-content/cache/breeze-minification/css/breeze_00ba05498c1f329fe95d18a53603bc19.css]
[watchdocumentaries.com/wp-content/cache/breeze-minification/css/breeze_40d2770408ede23bd7876736a36ddf56.css]
[watchdocumentaries.com/wp-content/cache/breeze-minification/css/breeze_6400452c65e00796ba9cb60551500da9.css]
[watchdocumentaries.com/wp-includes/css/dashicons.min37ad.css]
[watchdocumentaries.com/wp-content/themes/watchdocs/css/malihu/mCSB_buttons.html]
