[watchdocumentaries.com/snake-io-game/index.html]
[watchdocumentaries.com/wp-content/cache/breeze-minification/css/breeze_2bcd151829563718207f802ab5ca3141.css]
[watchdocumentaries.com/wp-content/cache/breeze-minification/css/breeze_43d7462ab41eefafca0dd464884084b1.css]
[watchdocumentaries.com/wp-content/cache/breeze-minification/css/breeze_e331f08163627a9d5dbecc3333b27b56.css]
[watchdocumentaries.com/wp-content/cache/breeze-minification/css/breeze_5fa4f20162cf09cd339b797780992297.css]
[watchdocumentaries.com/wp-content/cache/breeze-minification/css/breeze_722e9d18532da665cbde51e273f49703.css]
[watchdocumentaries.com/wp-content/cache/breeze-minification/css/breeze_89c4a358841f92c2151a0e689a2dc9b3.css]
[watchdocumentaries.com/wp-content/cache/breeze-minification/css/breeze_e689a65a108eeaca044d5fd7d640cdad.css]
[watchdocumentaries.com/wp-content/cache/breeze-minification/css/breeze_f4dd2bc3085cf3b4987fc31d6d26cd53.css]
[watchdocumentaries.com/wp-content/cache/breeze-minification/css/breeze_62ea5949d25fedaaf2c0e7f441bad9b7.css]
[watchdocumentaries.com/wp-content/cache/breeze-minification/css/breeze_c9dc6f1ef374d733a82d1682278e5b55.css]
[watchdocumentaries.com/wp-content/cache/breeze-minification/css/breeze_6d01be4f9c9df839763a856afb54638c.css]
[watchdocumentaries.com/wp-content/cache/breeze-minification/css/breeze_55cbb01aa77ad02ad560b4dc8e8d67d1.css]
[watchdocumentaries.com/wp-content/cache/breeze-minification/css/breeze_b7ec42621932c7435efa61920e9122d7.css]
[watchdocumentaries.com/wp-content/cache/breeze-minification/css/breeze_824c09d1498b100403f709e2afea233a.css]
[watchdocumentaries.com/wp-content/cache/breeze-minification/css/breeze_c3e3da6b96cf9e42596e05c1cc2d7096.css]
[watchdocumentaries.com/wp-content/cache/breeze-minification/css/breeze_fcb8fe6b33dc7263017161c07f2934f1.css]
[watchdocumentaries.com/wp-content/cache/breeze-minification/css/breeze_7dd6efe7556ca666dca0126387feed72.css]
[watchdocumentaries.com/wp-content/cache/breeze-minification/css/breeze_6af7da37740bca10632b4d6324db97b2.css]
[watchdocumentaries.com/wp-content/cache/breeze-minification/css/breeze_888507254fe253ad1564b41bd724a1ca.css]
[watchdocumentaries.com/wp-content/cache/breeze-minification/css/breeze_00ba05498c1f329fe95d18a53603bc19.css]
[watchdocumentaries.com/wp-content/cache/breeze-minification/css/breeze_40d2770408ede23bd7876736a36ddf56.css]
[backblue.gif]
[fade.gif]
[index.html]
[watchdocumentaries.com/wp-content/cache/breeze-minification/css/breeze_6400452c65e00796ba9cb60551500da9.css]
[watchdocumentaries.com/wp-includes/css/dashicons.min37ad.css]
[watchdocumentaries.com/wp-content/themes/watchdocs/img/film-background.jpg]
[watchdocumentaries.com/wp-content/uploads/cropped-Favicon-32x32.png]
[watchdocumentaries.com/wp-content/uploads/cropped-Favicon-192x192.png]
[watchdocumentaries.com/wp-content/uploads/cropped-Favicon-180x180.png]
[watchdocumentaries.com/wp-content/cache/breeze-minification/js/breeze_d29b20640542783878401e2fca7207a4.js]
[watchdocumentaries.com/wp-content/cache/breeze-minification/js/breeze_3edfd9f871df349002ecd2ba3ccb5a30.js]
[watchdocumentaries.com/snake-io-game/feed/index.html]
[watchdocumentaries.com/wp-content/cache/breeze-minification/js/breeze_7caa8efaec27a4f5ca9ca41233bef78a.js]
[watchdocumentaries.com/wp-content/cache/breeze-minification/js/breeze_caef3ace6139699b402c759ec05c3bff.js]
[watchdocumentaries.com/wp-content/cache/breeze-minification/js/breeze_9b95a0126657ef71c5df8f09b44f0de5.js]
[watchdocumentaries.com/wp-content/uploads/Logo.png]
[watchdocumentaries.com/wp-content/themes/watchdocs/img/placeholder.png]
[watchdocumentaries.com/cdn-cgi/scripts/5c5dd728/cloudflare-static/email-decode.min.js]
[watchdocumentaries.com/wp-content/plugins/wp-postratings/images/stars_crystal/rating_over.gif]
[www.google.com/recaptcha/api1b73.js]
[watchdocumentaries.com/wp-content/cache/breeze-minification/js/breeze_61de1fd41f41ef5dd02e5b4a08ff2142.js]
[watchdocumentaries.com/wp-content/cache/breeze-minification/js/breeze_44c58a4c364e3ddbf722f75d7b4be452.js]
[watchdocumentaries.com/wp-content/cache/breeze-minification/js/breeze_fa16b3b94a6268871148318347db62b6.js]
[watchdocumentaries.com/wp-content/cache/breeze-minification/js/breeze_583d0ebabdcc21af56a36fd9f39ac2ff.js]
[watchdocumentaries.com/wp-content/cache/breeze-minification/js/breeze_a16e0d3a60bdb91c4b68682347cf7732.js]
[watchdocumentaries.com/wp-content/cache/breeze-minification/js/breeze_830dae7fb9dfd5ac1879a83dd028083d.js]
[watchdocumentaries.com/wp-content/cache/breeze-minification/js/breeze_5c22e2a36a692927ed9266fff12e2c13.js]
[watchdocumentaries.com/wp-content/cache/breeze-minification/js/breeze_a3d8d42caf26dc96aaecf8a6ac520956.js]
[watchdocumentaries.com/wp-content/cache/breeze-minification/js/breeze_5a64473f66b2b0a82082b04d27364c6d.js]
[watchdocumentaries.com/wp-content/cache/breeze-minification/js/breeze_65b75d5a07a21953bc44365f92ee4da5.js]
[watchdocumentaries.com/wp-content/cache/breeze-minification/js/breeze_ae456f133a97b2ad535d43bed8a664db.js]
[watchdocumentaries.com/wp-content/cache/breeze-minification/js/breeze_a7fe90b11dc0ae27c06c87de9466c8bf.js]
[watchdocumentaries.com/wp-content/cache/breeze-minification/js/breeze_3583aa5b3e65230ee9a34b6285c939ea.js]
[watchdocumentaries.com/wp-content/cache/breeze-minification/js/breeze_d8d56164fa22785da74d0380615de349.js]
[watchdocumentaries.com/wp-content/cache/breeze-minification/js/breeze_0dc891d6fb0689b77b61c13bd1625083.js]
[watchdocumentaries.com/wp-content/cache/breeze-minification/js/breeze_2994f7c5b279563e4ad51516041012ae.js]
[watchdocumentaries.com/wp-content/cache/breeze-minification/js/breeze_75e906a1cb77920f977c777efd694f1d.js]
[watchdocumentaries.com/wp-content/cache/breeze-minification/js/breeze_aa2ed39b74a1c2a453fa63b258ee9ebd.js]
[watchdocumentaries.com/wp-content/cache/breeze-minification/js/breeze_69d9eb737b799d5c3909202af6b862a7.js]
[watchdocumentaries.com/wp-content/cache/breeze-minification/js/breeze_91d3419c22ca3aaf16e35a34f620b967.js]
[watchdocumentaries.com/wp-content/cache/breeze-minification/js/breeze_051718e9f8010341ae220082ca1ca9b4.js]
[watchdocumentaries.com/wp-content/cache/breeze-minification/js/breeze_7216bbb043de03a267871f2bd2bbf1cb.js]
[watchdocumentaries.com/wp-content/cache/breeze-minification/js/breeze_a1b71d1294624aa27c316482a2311a65.js]
[watchdocumentaries.com/snake-io-game/index.html]
[watchdocumentaries.com/wp-content/cache/breeze-minification/css/breeze_2bcd151829563718207f802ab5ca3141.css]
[watchdocumentaries.com/wp-content/cache/breeze-minification/css/breeze_43d7462ab41eefafca0dd464884084b1.css]
[watchdocumentaries.com/wp-content/cache/breeze-minification/css/breeze_e331f08163627a9d5dbecc3333b27b56.css]
[watchdocumentaries.com/wp-content/cache/breeze-minification/css/breeze_5fa4f20162cf09cd339b797780992297.css]
[watchdocumentaries.com/wp-content/cache/breeze-minification/css/breeze_722e9d18532da665cbde51e273f49703.css]
[watchdocumentaries.com/wp-content/cache/breeze-minification/css/breeze_89c4a358841f92c2151a0e689a2dc9b3.css]
[watchdocumentaries.com/wp-content/cache/breeze-minification/css/breeze_e689a65a108eeaca044d5fd7d640cdad.css]
[watchdocumentaries.com/wp-content/cache/breeze-minification/css/breeze_f4dd2bc3085cf3b4987fc31d6d26cd53.css]
[watchdocumentaries.com/wp-content/cache/breeze-minification/css/breeze_62ea5949d25fedaaf2c0e7f441bad9b7.css]
[watchdocumentaries.com/wp-content/cache/breeze-minification/css/breeze_c9dc6f1ef374d733a82d1682278e5b55.css]
[watchdocumentaries.com/wp-content/cache/breeze-minification/css/breeze_6d01be4f9c9df839763a856afb54638c.css]
[watchdocumentaries.com/wp-content/cache/breeze-minification/css/breeze_55cbb01aa77ad02ad560b4dc8e8d67d1.css]
[watchdocumentaries.com/wp-content/cache/breeze-minification/js/breeze_a736de7938b7f2cedd5c35151f98dc9b.js]
[watchdocumentaries.com/wp-content/plugins/wpdiscuz/assets/img/delete.png]
[watchdocumentaries.com/wp-content/plugins/wpdiscuz/assets/third-party/colorbox/images/overlay.png]
[watchdocumentaries.com/wp-content/cache/breeze-minification/css/breeze_b7ec42621932c7435efa61920e9122d7.css]
[watchdocumentaries.com/wp-content/cache/breeze-minification/css/breeze_824c09d1498b100403f709e2afea233a.css]
[watchdocumentaries.com/wp-content/cache/breeze-minification/css/breeze_c3e3da6b96cf9e42596e05c1cc2d7096.css]
[watchdocumentaries.com/wp-content/cache/breeze-minification/css/breeze_fcb8fe6b33dc7263017161c07f2934f1.css]
[watchdocumentaries.com/wp-content/cache/breeze-minification/css/breeze_7dd6efe7556ca666dca0126387feed72.css]
[watchdocumentaries.com/wp-content/themes/watchdocs/css/malihu/mCSB_buttons.png]
[watchdocumentaries.com/wp-content/cache/breeze-minification/css/breeze_6af7da37740bca10632b4d6324db97b2.css]
[watchdocumentaries.com/wp-content/cache/breeze-minification/css/breeze_888507254fe253ad1564b41bd724a1ca.css]
[watchdocumentaries.com/wp-content/cache/breeze-minification/css/breeze_00ba05498c1f329fe95d18a53603bc19.css]
[watchdocumentaries.com/wp-content/cache/breeze-minification/css/breeze_40d2770408ede23bd7876736a36ddf56.css]
[watchdocumentaries.com/wp-content/cache/breeze-minification/css/breeze_6400452c65e00796ba9cb60551500da9.css]
[watchdocumentaries.com/wp-includes/css/dashicons.min37ad.css]
[watchdocumentaries.com/wp-content/themes/watchdocs/css/malihu/mCSB_buttons.html]
